------------------------------------------------------------
TimeQuest Timing Analyzer Summary
------------------------------------------------------------

Type  : Slow Model Setup 'NWE'
Slack : -2.256
TNS   : -18.048

Type  : Slow Model Setup 'inst17|altpll_component|pll|clk[0]'
Slack : 20.924
TNS   : 0.000

Type  : Slow Model Setup 'inst17|altpll_component|pll|clk[1]'
Slack : 21.033
TNS   : 0.000

Type  : Slow Model Hold 'inst17|altpll_component|pll|clk[0]'
Slack : 0.499
TNS   : 0.000

Type  : Slow Model Hold 'inst17|altpll_component|pll|clk[1]'
Slack : 1.803
TNS   : 0.000

Type  : Slow Model Hold 'NWE'
Slack : 2.943
TNS   : 0.000

Type  : Slow Model Minimum Pulse Width 'NWE'
Slack : -2.567
TNS   : -130.291

Type  : Slow Model Minimum Pulse Width 'inst17|altpll_component|pll|clk[1]'
Slack : 9.433
TNS   : 0.000

Type  : Slow Model Minimum Pulse Width 'inst17|altpll_component|pll|clk[0]'
Slack : 11.258
TNS   : 0.000

Type  : Slow Model Minimum Pulse Width 'clk0'
Slack : 20.000
TNS   : 0.000

Type  : Fast Model Setup 'NWE'
Slack : -1.457
TNS   : -11.656

Type  : Fast Model Setup 'inst17|altpll_component|pll|clk[1]'
Slack : 23.021
TNS   : 0.000

Type  : Fast Model Setup 'inst17|altpll_component|pll|clk[0]'
Slack : 23.453
TNS   : 0.000

Type  : Fast Model Hold 'inst17|altpll_component|pll|clk[0]'
Slack : 0.215
TNS   : 0.000

Type  : Fast Model Hold 'inst17|altpll_component|pll|clk[1]'
Slack : 0.536
TNS   : 0.000

Type  : Fast Model Hold 'NWE'
Slack : 2.318
TNS   : 0.000

Type  : Fast Model Minimum Pulse Width 'NWE'
Slack : -1.880
TNS   : -95.380

Type  : Fast Model Minimum Pulse Width 'inst17|altpll_component|pll|clk[1]'
Slack : 10.373
TNS   : 0.000

Type  : Fast Model Minimum Pulse Width 'inst17|altpll_component|pll|clk[0]'
Slack : 11.500
TNS   : 0.000

Type  : Fast Model Minimum Pulse Width 'clk0'
Slack : 20.000
TNS   : 0.000

------------------------------------------------------------
