------------------------------------------------------------
TimeQuest Timing Analyzer Summary
------------------------------------------------------------

Type  : Slow Model Setup 'NADV'
Slack : -2.967
TNS   : -44.120

Type  : Slow Model Setup 'NWE'
Slack : -2.256
TNS   : -24.520

Type  : Slow Model Setup 'SAVE_ADDR:inst|ADDR[15]'
Slack : 0.561
TNS   : 0.000

Type  : Slow Model Hold 'SAVE_ADDR:inst|ADDR[15]'
Slack : -1.176
TNS   : -8.337

Type  : Slow Model Hold 'NWE'
Slack : -0.620
TNS   : -0.620

Type  : Slow Model Hold 'NADV'
Slack : -0.182
TNS   : -1.456

Type  : Slow Model Minimum Pulse Width 'NWE'
Slack : -2.567
TNS   : -130.291

Type  : Slow Model Minimum Pulse Width 'NADV'
Slack : -2.567
TNS   : -101.893

Type  : Slow Model Minimum Pulse Width 'SAVE_ADDR:inst|ADDR[15]'
Slack : 0.500
TNS   : 0.000

Type  : Fast Model Setup 'NWE'
Slack : -1.457
TNS   : -11.656

Type  : Fast Model Setup 'NADV'
Slack : -0.979
TNS   : -8.136

Type  : Fast Model Setup 'SAVE_ADDR:inst|ADDR[15]'
Slack : 0.544
TNS   : 0.000

Type  : Fast Model Hold 'NWE'
Slack : -0.827
TNS   : -0.827

Type  : Fast Model Hold 'NADV'
Slack : -0.603
TNS   : -4.824

Type  : Fast Model Hold 'SAVE_ADDR:inst|ADDR[15]'
Slack : -0.011
TNS   : -0.025

Type  : Fast Model Minimum Pulse Width 'NWE'
Slack : -1.880
TNS   : -95.380

Type  : Fast Model Minimum Pulse Width 'NADV'
Slack : -1.880
TNS   : -73.540

Type  : Fast Model Minimum Pulse Width 'SAVE_ADDR:inst|ADDR[15]'
Slack : 0.500
TNS   : 0.000

------------------------------------------------------------
